../Core/Src/gsm.c:13:6:gsm_found	32	static
../Core/Src/gsm.c:147:6:gsm_init_commands	24	static
../Core/Src/gsm.c:176:6:gsm_lock	24	static
../Core/Src/gsm.c:188:6:gsm_unlock	4	static
../Core/Src/gsm.c:192:6:gsm_init	8	static
../Core/Src/gsm.c:236:6:gsm_loop	112	static
../Core/Src/gsm.c:488:6:gsm_power	40	static
../Core/Src/gsm.c:571:6:gsm_registered	4	static
../Core/Src/gsm.c:576:6:gsm_setDefault	24	static
../Core/Src/gsm.c:594:6:gsm_saveProfile	24	static
../Core/Src/gsm.c:612:6:gsm_enterPinPuk	64	static
../Core/Src/gsm.c:637:6:gsm_getIMEI	64	static
../Core/Src/gsm.c:667:6:gsm_getVersion	88	dynamic
../Core/Src/gsm.c:699:6:gsm_getModel	88	dynamic
../Core/Src/gsm.c:731:6:gsm_getServiceProviderName	88	dynamic
../Core/Src/gsm.c:763:9:gsm_getSignalQuality_0_to_100	64	static
../Core/Src/gsm.c:793:6:gsm_waitForRegister	24	static
../Core/Src/gsm.c:818:6:gsm_tonePlay	64	static
../Core/Src/gsm.c:845:6:gsm_toneStop	24	static
../Core/Src/gsm.c:863:6:gsm_dtmf	64	static
../Core/Src/gsm.c:883:6:gsm_ussd	104	dynamic
